Blender 4.4.3 (hash 802179c51ccc built 2025-04-29 15:39:58)
Warning: Path 'C:\Program Files\Blender Foundation\Blender 4.4\4.4\datafiles\assets\brushes\essentials_brushes-gp_draw.blend' cannot be made relative for Material 'Dots Stroke'
Warning: Path 'C:\Program Files\Blender Foundation\Blender 4.4\4.4\datafiles\assets\brushes\essentials_brushes-gp_draw.blend' cannot be made relative for Material 'Material'

FBX export starting... 'E:\\Games_Develop\\Little-Castle_Assets_cliffkit\\Source\\Environment\\CliffKit\\v001\\Meshes\\Cliff_Straight_A_LOD0.fbx'
export finished in 0.0050 sec.

FBX export starting... 'E:\\Games_Develop\\Little-Castle_Assets_cliffkit\\Source\\Environment\\CliffKit\\v001\\Meshes\\Cliff_Straight_A_LOD1.fbx'
export finished in 0.0053 sec.

FBX export starting... 'E:\\Games_Develop\\Little-Castle_Assets_cliffkit\\Source\\Environment\\CliffKit\\v001\\Meshes\\Cliff_Straight_A_LOD2.fbx'
export finished in 0.0045 sec.

FBX export starting... 'E:\\Games_Develop\\Little-Castle_Assets_cliffkit\\Source\\Environment\\CliffKit\\v001\\Meshes\\Cliff_Straight_B_LOD0.fbx'
export finished in 0.0045 sec.

FBX export starting... 'E:\\Games_Develop\\Little-Castle_Assets_cliffkit\\Source\\Environment\\CliffKit\\v001\\Meshes\\Cliff_Straight_B_LOD1.fbx'
export finished in 0.0045 sec.

FBX export starting... 'E:\\Games_Develop\\Little-Castle_Assets_cliffkit\\Source\\Environment\\CliffKit\\v001\\Meshes\\Cliff_Straight_B_LOD2.fbx'
export finished in 0.0050 sec.

FBX export starting... 'E:\\Games_Develop\\Little-Castle_Assets_cliffkit\\Source\\Environment\\CliffKit\\v001\\Meshes\\Cliff_Convex_A_LOD0.fbx'
export finished in 0.0055 sec.

FBX export starting... 'E:\\Games_Develop\\Little-Castle_Assets_cliffkit\\Source\\Environment\\CliffKit\\v001\\Meshes\\Cliff_Convex_A_LOD1.fbx'
export finished in 0.0056 sec.

FBX export starting... 'E:\\Games_Develop\\Little-Castle_Assets_cliffkit\\Source\\Environment\\CliffKit\\v001\\Meshes\\Cliff_Convex_A_LOD2.fbx'
export finished in 0.0051 sec.

FBX export starting... 'E:\\Games_Develop\\Little-Castle_Assets_cliffkit\\Source\\Environment\\CliffKit\\v001\\Meshes\\Cliff_Concave_A_LOD0.fbx'
export finished in 0.0055 sec.

FBX export starting... 'E:\\Games_Develop\\Little-Castle_Assets_cliffkit\\Source\\Environment\\CliffKit\\v001\\Meshes\\Cliff_Concave_A_LOD1.fbx'
export finished in 0.0040 sec.

FBX export starting... 'E:\\Games_Develop\\Little-Castle_Assets_cliffkit\\Source\\Environment\\CliffKit\\v001\\Meshes\\Cliff_Concave_A_LOD2.fbx'
export finished in 0.0040 sec.

FBX export starting... 'E:\\Games_Develop\\Little-Castle_Assets_cliffkit\\Source\\Environment\\CliffKit\\v001\\Meshes\\Cliff_Terrace_Low_LOD0.fbx'
export finished in 0.0060 sec.

FBX export starting... 'E:\\Games_Develop\\Little-Castle_Assets_cliffkit\\Source\\Environment\\CliffKit\\v001\\Meshes\\Cliff_Terrace_Low_LOD1.fbx'
export finished in 0.0051 sec.

FBX export starting... 'E:\\Games_Develop\\Little-Castle_Assets_cliffkit\\Source\\Environment\\CliffKit\\v001\\Meshes\\Cliff_Terrace_Low_LOD2.fbx'
export finished in 0.0050 sec.

FBX export starting... 'E:\\Games_Develop\\Little-Castle_Assets_cliffkit\\Source\\Environment\\CliffKit\\v001\\Meshes\\Cliff_Terrace_High_LOD0.fbx'
export finished in 0.0055 sec.

FBX export starting... 'E:\\Games_Develop\\Little-Castle_Assets_cliffkit\\Source\\Environment\\CliffKit\\v001\\Meshes\\Cliff_Terrace_High_LOD1.fbx'
export finished in 0.0040 sec.

FBX export starting... 'E:\\Games_Develop\\Little-Castle_Assets_cliffkit\\Source\\Environment\\CliffKit\\v001\\Meshes\\Cliff_Terrace_High_LOD2.fbx'
export finished in 0.0045 sec.

FBX export starting... 'E:\\Games_Develop\\Little-Castle_Assets_cliffkit\\Source\\Environment\\CliffKit\\v001\\Meshes\\Cliff_End_Left_LOD0.fbx'
export finished in 0.0050 sec.

FBX export starting... 'E:\\Games_Develop\\Little-Castle_Assets_cliffkit\\Source\\Environment\\CliffKit\\v001\\Meshes\\Cliff_End_Left_LOD1.fbx'
export finished in 0.0055 sec.

FBX export starting... 'E:\\Games_Develop\\Little-Castle_Assets_cliffkit\\Source\\Environment\\CliffKit\\v001\\Meshes\\Cliff_End_Left_LOD2.fbx'
export finished in 0.0045 sec.

FBX export starting... 'E:\\Games_Develop\\Little-Castle_Assets_cliffkit\\Source\\Environment\\CliffKit\\v001\\Meshes\\Cliff_End_Right_LOD0.fbx'
export finished in 0.0060 sec.

FBX export starting... 'E:\\Games_Develop\\Little-Castle_Assets_cliffkit\\Source\\Environment\\CliffKit\\v001\\Meshes\\Cliff_End_Right_LOD1.fbx'
export finished in 0.0045 sec.

FBX export starting... 'E:\\Games_Develop\\Little-Castle_Assets_cliffkit\\Source\\Environment\\CliffKit\\v001\\Meshes\\Cliff_End_Right_LOD2.fbx'
export finished in 0.0050 sec.

FBX export starting... 'E:\\Games_Develop\\Little-Castle_Assets_cliffkit\\Source\\Environment\\CliffKit\\v001\\Meshes\\Rock_Outcrop_Large_LOD0.fbx'
export finished in 0.0035 sec.

FBX export starting... 'E:\\Games_Develop\\Little-Castle_Assets_cliffkit\\Source\\Environment\\CliffKit\\v001\\Meshes\\Rock_Outcrop_Large_LOD1.fbx'
export finished in 0.0030 sec.

FBX export starting... 'E:\\Games_Develop\\Little-Castle_Assets_cliffkit\\Source\\Environment\\CliffKit\\v001\\Meshes\\Rock_Outcrop_Large_LOD2.fbx'
export finished in 0.0035 sec.

FBX export starting... 'E:\\Games_Develop\\Little-Castle_Assets_cliffkit\\Source\\Environment\\CliffKit\\v001\\Meshes\\Rock_Outcrop_Medium_LOD0.fbx'
export finished in 0.0040 sec.

FBX export starting... 'E:\\Games_Develop\\Little-Castle_Assets_cliffkit\\Source\\Environment\\CliffKit\\v001\\Meshes\\Rock_Outcrop_Medium_LOD1.fbx'
export finished in 0.0035 sec.

FBX export starting... 'E:\\Games_Develop\\Little-Castle_Assets_cliffkit\\Source\\Environment\\CliffKit\\v001\\Meshes\\Rock_Outcrop_Medium_LOD2.fbx'
export finished in 0.0040 sec.

FBX export starting... 'E:\\Games_Develop\\Little-Castle_Assets_cliffkit\\Source\\Environment\\CliffKit\\v001\\Meshes\\Rock_Boulder_Small_LOD0.fbx'
export finished in 0.0040 sec.

FBX export starting... 'E:\\Games_Develop\\Little-Castle_Assets_cliffkit\\Source\\Environment\\CliffKit\\v001\\Meshes\\Rock_Boulder_Small_LOD1.fbx'
export finished in 0.0035 sec.

FBX export starting... 'E:\\Games_Develop\\Little-Castle_Assets_cliffkit\\Source\\Environment\\CliffKit\\v001\\Meshes\\Rock_Boulder_Small_LOD2.fbx'
export finished in 0.0035 sec.

FBX export starting... 'E:\\Games_Develop\\Little-Castle_Assets_cliffkit\\Source\\Environment\\CliffKit\\v001\\Meshes\\Rock_Boulder_Large_LOD0.fbx'
export finished in 0.0030 sec.

FBX export starting... 'E:\\Games_Develop\\Little-Castle_Assets_cliffkit\\Source\\Environment\\CliffKit\\v001\\Meshes\\Rock_Boulder_Large_LOD1.fbx'
export finished in 0.0040 sec.

FBX export starting... 'E:\\Games_Develop\\Little-Castle_Assets_cliffkit\\Source\\Environment\\CliffKit\\v001\\Meshes\\Rock_Boulder_Large_LOD2.fbx'
export finished in 0.0040 sec.

FBX export starting... 'E:\\Games_Develop\\Little-Castle_Assets_cliffkit\\Source\\Environment\\CliffKit\\v001\\Meshes\\Ramp_Hike_A_LOD0.fbx'
export finished in 0.0051 sec.

FBX export starting... 'E:\\Games_Develop\\Little-Castle_Assets_cliffkit\\Source\\Environment\\CliffKit\\v001\\Meshes\\Ramp_Hike_A_LOD1.fbx'
export finished in 0.0035 sec.

FBX export starting... 'E:\\Games_Develop\\Little-Castle_Assets_cliffkit\\Source\\Environment\\CliffKit\\v001\\Meshes\\Ramp_Hike_A_LOD2.fbx'
export finished in 0.0040 sec.

FBX export starting... 'E:\\Games_Develop\\Little-Castle_Assets_cliffkit\\Source\\Environment\\CliffKit\\v001\\Meshes\\Ramp_Hike_B_LOD0.fbx'
export finished in 0.0045 sec.

FBX export starting... 'E:\\Games_Develop\\Little-Castle_Assets_cliffkit\\Source\\Environment\\CliffKit\\v001\\Meshes\\Ramp_Hike_B_LOD1.fbx'
export finished in 0.0045 sec.

FBX export starting... 'E:\\Games_Develop\\Little-Castle_Assets_cliffkit\\Source\\Environment\\CliffKit\\v001\\Meshes\\Ramp_Hike_B_LOD2.fbx'
export finished in 0.0050 sec.
Info: Packed 9 file(s)
Info: Saved "CliffKit.blend"
CLIFFKIT_BUILT 14 assets / 42 FBX

Blender quit
